---
source: src/markdown.rs
expression: term.backend()
---
"just text                                    "
"                                             "
