---
source: src/markdown.rs
expression: term.backend()
---
"| super important block quote                "
"                                             "
